// Jest Snapshot v1, https://goo.gl/fbAQLP

exports[`Sign Up Form Container should match snapshot 1`] = `
{
  "asFragment": [Function],
  "baseElement": <body>
    <div>
      <form
        class="form"
        data-testid="sign-up-form-container"
      >
        <div
          class="inputWrapper"
        >
          <div
            class="inputLabelWrapper"
          >
            <label
              class="inputLabel"
            >
              your first Name
            </label>
            <p
              class="inputDescription"
            />
          </div>
          <input
            class="input false undefined"
            data-testid="sign-up-form-first-name"
            name="firstName"
            placeholder="e.g John"
            type="text"
            value=""
          />
        </div>
        <div
          class="inputWrapper"
        >
          <div
            class="inputLabelWrapper"
          >
            <label
              class="inputLabel"
            >
              your last Name
            </label>
            <p
              class="inputDescription"
            />
          </div>
          <input
            class="input false undefined"
            data-testid="sign-up-form-last-name"
            name="lastName"
            placeholder="e.g Doe"
            type="text"
            value=""
          />
        </div>
        <div
          class="inputWrapper"
        >
          <div
            class="inputLabelWrapper"
          >
            <label
              class="inputLabel"
            >
              your profession
            </label>
            <p
              class="inputDescription"
            />
          </div>
          <input
            class="input false undefined"
            data-testid="sign-up-form-profession"
            name="profession"
            placeholder="e.g driver"
            type="text"
            value=""
          />
        </div>
        <div
          class="btnsWrapper"
        >
          <button
            class="btn is-info undefined backBtnHide"
            data-testid="sign-up-form-back-btn"
            type="button"
          >
            back
          </button>
          <button
            class="btn is-primary false submitBtn"
            data-testid="sign-up-form-next-btn"
            disabled=""
            type="submit"
          >
            next
          </button>
        </div>
        <div
          class="indicatorsWrapper"
        >
          <div
            class="indicators active"
          />
          <div
            class="indicators false"
          />
        </div>
      </form>
    </div>
  </body>,
  "container": <div>
    <form
      class="form"
      data-testid="sign-up-form-container"
    >
      <div
        class="inputWrapper"
      >
        <div
          class="inputLabelWrapper"
        >
          <label
            class="inputLabel"
          >
            your first Name
          </label>
          <p
            class="inputDescription"
          />
        </div>
        <input
          class="input false undefined"
          data-testid="sign-up-form-first-name"
          name="firstName"
          placeholder="e.g John"
          type="text"
          value=""
        />
      </div>
      <div
        class="inputWrapper"
      >
        <div
          class="inputLabelWrapper"
        >
          <label
            class="inputLabel"
          >
            your last Name
          </label>
          <p
            class="inputDescription"
          />
        </div>
        <input
          class="input false undefined"
          data-testid="sign-up-form-last-name"
          name="lastName"
          placeholder="e.g Doe"
          type="text"
          value=""
        />
      </div>
      <div
        class="inputWrapper"
      >
        <div
          class="inputLabelWrapper"
        >
          <label
            class="inputLabel"
          >
            your profession
          </label>
          <p
            class="inputDescription"
          />
        </div>
        <input
          class="input false undefined"
          data-testid="sign-up-form-profession"
          name="profession"
          placeholder="e.g driver"
          type="text"
          value=""
        />
      </div>
      <div
        class="btnsWrapper"
      >
        <button
          class="btn is-info undefined backBtnHide"
          data-testid="sign-up-form-back-btn"
          type="button"
        >
          back
        </button>
        <button
          class="btn is-primary false submitBtn"
          data-testid="sign-up-form-next-btn"
          disabled=""
          type="submit"
        >
          next
        </button>
      </div>
      <div
        class="indicatorsWrapper"
      >
        <div
          class="indicators active"
        />
        <div
          class="indicators false"
        />
      </div>
    </form>
  </div>,
  "debug": [Function],
  "findAllByAltText": [Function],
  "findAllByDisplayValue": [Function],
  "findAllByLabelText": [Function],
  "findAllByPlaceholderText": [Function],
  "findAllByRole": [Function],
  "findAllByTestId": [Function],
  "findAllByText": [Function],
  "findAllByTitle": [Function],
  "findByAltText": [Function],
  "findByDisplayValue": [Function],
  "findByLabelText": [Function],
  "findByPlaceholderText": [Function],
  "findByRole": [Function],
  "findByTestId": [Function],
  "findByText": [Function],
  "findByTitle": [Function],
  "getAllByAltText": [Function],
  "getAllByDisplayValue": [Function],
  "getAllByLabelText": [Function],
  "getAllByPlaceholderText": [Function],
  "getAllByRole": [Function],
  "getAllByTestId": [Function],
  "getAllByText": [Function],
  "getAllByTitle": [Function],
  "getByAltText": [Function],
  "getByDisplayValue": [Function],
  "getByLabelText": [Function],
  "getByPlaceholderText": [Function],
  "getByRole": [Function],
  "getByTestId": [Function],
  "getByText": [Function],
  "getByTitle": [Function],
  "queryAllByAltText": [Function],
  "queryAllByDisplayValue": [Function],
  "queryAllByLabelText": [Function],
  "queryAllByPlaceholderText": [Function],
  "queryAllByRole": [Function],
  "queryAllByTestId": [Function],
  "queryAllByText": [Function],
  "queryAllByTitle": [Function],
  "queryByAltText": [Function],
  "queryByDisplayValue": [Function],
  "queryByLabelText": [Function],
  "queryByPlaceholderText": [Function],
  "queryByRole": [Function],
  "queryByTestId": [Function],
  "queryByText": [Function],
  "queryByTitle": [Function],
  "rerender": [Function],
  "unmount": [Function],
}
`;
